// Jest Snapshot v1, https://goo.gl/fbAQLP

exports[`<AddGoal /> renders the UI as expected 1`] = `
<div
  className="main"
>
  <div
    className="wrapper"
  >
    <h1>
      New goal!
    </h1>
    <div
      className="formContainer"
    >
      <form
        className="inputForm"
        onSubmit={[Function]}
      >
        <div
          role="alert"
        />
        <label
          className="inputLabel"
          htmlFor="name"
        >
          Name your goal:
        </label>
        <input
          className="inputField"
          id="name"
          required={true}
          type="text"
        />
        <button
          type="submit"
        >
          <i
            className="fas fa-plus-circle addGoalButton"
          />
        </button>
      </form>
    </div>
  </div>
</div>
`;
