// Jest Snapshot v1, https://goo.gl/fbAQLP

exports[`<AddGoal /> renders the UI as expected 1`] = `
<div
  className="main"
>
  <div
    className="wrapper"
  >
    <h1>
      New goal!
    </h1>
    <form
      className="addGoal"
      onSubmit={[Function]}
    >
      <label
        className="addGoalLabel"
        htmlFor="name"
      >
        Name your goal:
      </label>
      <div
        className="formContainer"
      >
        <input
          className="addGoalInput"
          id="name"
          required={true}
          type="text"
        />
        <button
          type="submit"
        >
          <i
            className="fas fa-plus-circle addGoalButton"
          />
        </button>
      </div>
    </form>
  </div>
</div>
`;
