// Jest Snapshot v1, https://goo.gl/fbAQLP

exports[`<SignUp /> renders the UI as expected 1`] = `
<div
  className="main"
>
  <div
    className="wrapper"
  >
    <h1
      className="karla"
    >
      Welcome to Remindful
    </h1>
    <p
      className="instructions"
    >
      Please enter your email address and password to get started
    </p>
    <p
      className="instructions"
    >
      We will use this email address to send you a reminder to check in and reflect on your progress on the first of every month
    </p>
    <div
      className="formContainer"
    >
      <form
        className="inputForm"
        onSubmit={[Function]}
      >
        <div
          role="alert"
        />
        <div
          className="formField"
        >
          <label
            className="inputLabel"
            htmlFor="signUp_first_name"
          >
            First name
          </label>
          <input
            className="inputField"
            id="signUp_first_name"
            name="first_name"
            required={true}
            type="text"
          />
        </div>
        <div
          className="formField"
        >
          <label
            className="inputLabel"
            htmlFor="signUp_last_name"
          >
            Last name
          </label>
          <input
            className="inputField"
            id="signUp_last_name"
            name="last_name"
            required={true}
            type="text"
          />
        </div>
        <div
          className="formField"
        >
          <label
            className="inputLabel"
            htmlFor="signUp_email_address"
          >
            Email
          </label>
          <input
            className="inputField"
            id="signUp_email_address"
            name="email_address"
            required={true}
            type="email"
          />
        </div>
        <div
          className="formField"
        >
          <label
            className="inputLabel"
            htmlFor="password"
          >
            Password
          </label>
          <input
            className="inputField"
            id="password"
            name="password"
            required={true}
            type="password"
          />
        </div>
        <button
          className="textButton login"
          type="submit"
        >
          Sign up
        </button>
      </form>
    </div>
    <section
      className="instructions"
    >
      <p>
        Want to try Remindful before signing up? See our 
        <a
          className="aboutLink"
          href="/about"
          onClick={[Function]}
        >
          About page!
        </a>
      </p>
    </section>
  </div>
</div>
`;
